0	
1	The Subject\nThe content body.
9	The content body.
11	The Title\nThe content body.
14	The content body.
20	The Title\nThe content body.
21	The Title\nThe content body.
22	The Title\nThe content body.
24	The content body.
31	The Title\nThe Summary\nThe content body.
32	The Title\nThe Summary\nThe content body.
33	The Title\nThe Summary\nThe content body.
40	
41	
42	The content body.
54	The Title\nThe Description\nThe content body.
818	The content body.
1010	The content body.\nThe Summary
1063	The Summary\nThe content body.
1065	The Summary
1068	The content body.
1111	The content body.\nhashtag1\nhashtag2
1163	The Summary
1301	The Title\nThe content body.
1311	The content body.\nhashtag1\nhashtag2
1312	The content body.
1313	The Title\nThe content body.
1315	The content body.
1337	The Name\nThe Description\nThe content body.
1617	The content body.
1618	The Subject\nThe content body.
1621	The Subject\nThe content body.
1622	The content body.
1630	The content body.
1631	The content body.
1632	The content body.
1633	The content body.
1808	The content body.
1985	The content body.
2003	The Title\nThe content body.
2004	The content body.
2473	The Alt
3302	The content body.
5050	
5100	
5129	The Title\nThe Description
5250	
5302	
5303	
6969	The content body.
8333	The content body.
9002	The Name\nThe About\nhashtag1\nhashtag2
9041	The Summary\nThe content body.
9321	The content body.
9734	The content body.
9735	
9736	The content body.
9737	The content body.
9802	The Comment\nThe Context\nThe content body.
10003	The Title
10100	
10154	The Title\nThe Description
11871	The content body.
12473	The Alt
15128	The Title\nThe Description
15129	The Title\nThe Description
30000	The Title\nThe Description
30001	The Title
30002	The Title\nThe Description
30003	The Title\nThe Description
30004	The Title\nThe Description
30005	The Title\nThe Description
30006	The Title\nThe Description
30009	The Name\nThe Description\nThe content body.
30015	The Title\nThe Description\nhashtag1\nhashtag2
30017	
30018	
30019	
30020	
30023	The Title\nThe Summary\nThe content body.
30030	The Title\nThe Description\nThe content body.
30040	The Title\nThe Summary
30041	The Title\nThe content body.
30045	The Title\nThe Summary\nThe content body.
30054	The Title\nThe Description\nThe content body.\nhashtag1\nhashtag2
30055	The Title\nThe content body.
30063	The Title\nThe Description
30142	The Title\nThe Summary\nThe content body.
30175	
30176	
30177	
30267	The Title\nThe Description
30296	The Title\nThe Summary\nThe content body.
30297	The Title\nThe Summary\nThe content body.
30311	The Title\nThe Summary\nThe content body.
30312	The Title\nThe Summary\nThe content body.
30313	The Title\nThe Summary
30315	The content body.
30382	The Summary\nhashtag1\nhashtag2
30392	The Title
30393	The Title
30394	The Title
30395	The Title
30402	The Title\nThe Summary\nThe content body.
30617	The Name\nThe Description\nThe content body.
30620	The Name\nThe content body.
30817	The Title\nThe content body.
30818	The Title\nThe Summary\nThe content body.
31337	The Subject
31871	The content body.
31872	The content body.
31873	The content body.
31922	The Title\nThe Summary\nThe content body.
31923	The Title\nThe Summary\nThe content body.
31924	The Title\nThe content body.
31925	The content body.
31987	The content body.
31990	The content body.
32176	The Title\nThe Summary\nThe content body.
32267	The Name\nThe Summary\nThe content body.
33401	The Title\nThe content body.
33863	The Title\nThe content body.
34139	The Title\nThe Description\nThe content body.
34235	The Title\nThe content body.
34236	The Title\nThe content body.
34259	The content body.
34550	The Name\nThe Description\nThe Rules\nThe content body.
35128	The Title\nThe Description
35129	The Title\nThe Description
36787	The Title\nThe content body.
38000	The content body.
38192	The Alt\nThe Title
38383	The Name
39000	The Name\nThe About
39089	The Title\nThe Description
39092	The Title\nThe Description
39701	The Title\nThe content body.
40002	The content body.
40100	The content body.
45001	The content body.
45003	The content body.
48106	The content body.
